
PROGRAM "I:\Courses\industrial2\motor\bin\Project.abs"

*********************************************************************************************
TARGET SECTION
---------------------------------------------------------------------------------------------
Processor   : Freescale HC08
Memory Model: SMALL
File Format : ELF\DWARF 2.0
Linker      : SmartLinker V-5.0.30 Build 7285, Oct 13 2007

*********************************************************************************************
FILE SECTION
---------------------------------------------------------------------------------------------
main.c.o                                Model: SMALL,         Lang: ANSI-C
RTSHC08.C.o (ansii.lib)                 Model: SMALL,         Lang: ANSI-C
MC68HC908AP16.C.o                       Model: SMALL,         Lang: ANSI-C
Start08.c.o                             Model: SMALL,         Lang: ANSI-C
fifo.c.o                                Model: SMALL,         Lang: ANSI-C
Serial.c.o                              Model: SMALL,         Lang: ANSI-C
timer.c.o                               Model: SMALL,         Lang: ANSI-C

*********************************************************************************************
STARTUP SECTION
---------------------------------------------------------------------------------------------
Entry point: 0x8EC (_Startup)
_startupData is allocated at 0x8F5 and uses 6 Bytes
extern struct _tagStartup {
  unsigned nofZeroOut     1
  _Range   pZeroOut       0x100     30
  _Copy    *toCopyDownBeg 0xB0D
} _startupData;

*********************************************************************************************
SECTION-ALLOCATION SECTION
Section Name                    Size  Type     From       To       Segment
---------------------------------------------------------------------------------------------
.data                              2   R/W      0x100      0x101   RAM
.init                            149     R      0x860      0x8F4   ROM
.startData                        14     R      0x8F5      0x902   ROM
.rodata1                          10     R      0x903      0x90C   ROM
.text                            512     R      0x90D      0xB0C   ROM
.copy                              8     R      0xB0D      0xB14   ROM
.abs_section_0                     1   N/I        0x0        0x0   .absSeg0
.abs_section_1                     1   N/I        0x1        0x1   .absSeg1
.abs_section_2                     1   N/I        0x2        0x2   .absSeg2
.abs_section_3                     1   N/I        0x3        0x3   .absSeg3
.abs_section_4                     1   N/I        0x4        0x4   .absSeg4
.abs_section_5                     1   N/I        0x5        0x5   .absSeg5
.abs_section_6                     1   N/I        0x6        0x6   .absSeg6
.abs_section_7                     1   N/I        0x7        0x7   .absSeg7
.abs_section_c                     1   N/I        0xC        0xC   .absSeg8
.abs_section_10                    1   N/I       0x10       0x10   .absSeg9
.abs_section_11                    1   N/I       0x11       0x11   .absSeg10
.abs_section_12                    1   N/I       0x12       0x12   .absSeg11
.abs_section_13                    1   N/I       0x13       0x13   .absSeg12
.abs_section_14                    1   N/I       0x14       0x14   .absSeg13
.abs_section_15                    1   N/I       0x15       0x15   .absSeg14
.abs_section_16                    1   N/I       0x16       0x16   .absSeg15
.abs_section_17                    1   N/I       0x17       0x17   .absSeg16
.abs_section_18                    1   N/I       0x18       0x18   .absSeg17
.abs_section_19                    1   N/I       0x19       0x19   .absSeg18
.abs_section_1a                    1   N/I       0x1A       0x1A   .absSeg19
.abs_section_1b                    1   N/I       0x1B       0x1B   .absSeg20
.abs_section_1c                    1   N/I       0x1C       0x1C   .absSeg21
.abs_section_1d                    1   N/I       0x1D       0x1D   .absSeg22
.abs_section_1e                    1   N/I       0x1E       0x1E   .absSeg23
.abs_section_1f                    1   N/I       0x1F       0x1F   .absSeg24
.abs_section_20                    1   N/I       0x20       0x20   .absSeg25
.abs_section_25                    1   N/I       0x25       0x25   .absSeg26
.abs_section_28                    1   N/I       0x28       0x28   .absSeg27
.abs_section_2b                    1   N/I       0x2B       0x2B   .absSeg28
.abs_section_30                    1   N/I       0x30       0x30   .absSeg29
.abs_section_33                    1   N/I       0x33       0x33   .absSeg30
.abs_section_36                    1   N/I       0x36       0x36   .absSeg31
.abs_section_37                    1   N/I       0x37       0x37   .absSeg32
.abs_section_3a                    1   N/I       0x3A       0x3A   .absSeg33
.abs_section_3b                    1   N/I       0x3B       0x3B   .absSeg34
.abs_section_40                    1   N/I       0x40       0x40   .absSeg35
.abs_section_41                    1   N/I       0x41       0x41   .absSeg36
.abs_section_42                    1   N/I       0x42       0x42   .absSeg37
.abs_section_43                    1   N/I       0x43       0x43   .absSeg38
.abs_section_44                    1   N/I       0x44       0x44   .absSeg39
.abs_section_45                    1   N/I       0x45       0x45   .absSeg40
.abs_section_46                    1   N/I       0x46       0x46   .absSeg41
.abs_section_47                    1   N/I       0x47       0x47   .absSeg42
.abs_section_48                    1   N/I       0x48       0x48   .absSeg43
.abs_section_49                    1   N/I       0x49       0x49   .absSeg44
.abs_section_4a                    1   N/I       0x4A       0x4A   .absSeg45
.abs_section_4b                    1   N/I       0x4B       0x4B   .absSeg46
.abs_section_4c                    1   N/I       0x4C       0x4C   .absSeg47
.abs_section_4d                    1   N/I       0x4D       0x4D   .absSeg48
.abs_section_4e                    1   N/I       0x4E       0x4E   .absSeg49
.abs_section_4f                    1   N/I       0x4F       0x4F   .absSeg50
.abs_section_51                    1   N/I       0x51       0x51   .absSeg51
.abs_section_57                    1   N/I       0x57       0x57   .absSeg52
.abs_section_58                    1   N/I       0x58       0x58   .absSeg53
.abs_section_5b                    1   N/I       0x5B       0x5B   .absSeg54
.abs_section_5c                    1   N/I       0x5C       0x5C   .absSeg55
.abs_section_5d                    1   N/I       0x5D       0x5D   .absSeg56
.abs_section_5e                    1   N/I       0x5E       0x5E   .absSeg57
.abs_section_fe00                  1   N/I     0xFE00     0xFE00   .absSeg58
.abs_section_fe01                  1   N/I     0xFE01     0xFE01   .absSeg59
.abs_section_fe03                  1   N/I     0xFE03     0xFE03   .absSeg60
.abs_section_fe04                  1   N/I     0xFE04     0xFE04   .absSeg61
.abs_section_fe05                  1   N/I     0xFE05     0xFE05   .absSeg62
.abs_section_fe06                  1   N/I     0xFE06     0xFE06   .absSeg63
.abs_section_fe08                  1   N/I     0xFE08     0xFE08   .absSeg64
.abs_section_fe09                  1   N/I     0xFE09     0xFE09   .absSeg65
.abs_section_fe0e                  1   N/I     0xFE0E     0xFE0E   .absSeg66
.abs_section_fe0f                  1   N/I     0xFE0F     0xFE0F   .absSeg67
.abs_section_ffff                  1   N/I     0xFFFF     0xFFFF   .absSeg68
.abs_section_21                    2   N/I       0x21       0x22   .absSeg69
.abs_section_23                    2   N/I       0x23       0x24   .absSeg70
.abs_section_26                    2   N/I       0x26       0x27   .absSeg71
.abs_section_29                    2   N/I       0x29       0x2A   .absSeg72
.abs_section_2c                    2   N/I       0x2C       0x2D   .absSeg73
.abs_section_2e                    2   N/I       0x2E       0x2F   .absSeg74
.abs_section_31                    2   N/I       0x31       0x32   .absSeg75
.abs_section_34                    2   N/I       0x34       0x35   .absSeg76
.abs_section_38                    2   N/I       0x38       0x39   .absSeg77
.abs_section_59                    2   N/I       0x59       0x5A   .absSeg78
.abs_section_fe0c                  2   N/I     0xFE0C     0xFE0D   .absSeg79
.abs_section_ffe4                  2     R     0xFFE4     0xFFE5   .absSeg80
.abs_section_ffe2                  2     R     0xFFE2     0xFFE3   .absSeg81
.abs_section_fff0                  2     R     0xFFF0     0xFFF1   .absSeg82
.bss                               1   R/W      0x102      0x102   RAM
.common                           27   R/W      0x103      0x11D   RAM
.stack                            80   R/W      0x11E      0x16D   RAM
.vectSeg83_vect                    2     R     0xFFFE     0xFFFF   .vectSeg83

Summary of section sizes per section type:
READ_ONLY (R):         2BD (dec:      701)
READ_WRITE (R/W):       6E (dec:      110)
NO_INIT (N/I):          5B (dec:       91)

*********************************************************************************************
VECTOR-ALLOCATION SECTION
    Address     InitValue   InitFunction
---------------------------------------------------------------------------------------------
     0xFFFE         0x8EC   _Startup

*********************************************************************************************
OBJECT-ALLOCATION SECTION
     Name               Module                 Addr   hSize   dSize     Ref    Section   RLIB
---------------------------------------------------------------------------------------------
MODULE:                 -- main.c.o --
- PROCEDURES:
     PortInit                                   90D       8       8       1   .text       
     main                                       915      5B      91       1   .text       
- VARIABLES:
MODULE:                 -- RTSHC08.C.o (ansii.lib) --
- PROCEDURES:
     _ICMP                                      970      16      22       1   .text       
- VARIABLES:
MODULE:                 -- MC68HC908AP16.C.o --
- PROCEDURES:
- VARIABLES:
     _PTA                                         0       1       1       0   .abs_section_0
     _PTB                                         1       1       1       0   .abs_section_1
     _PTC                                         2       1       1       0   .abs_section_2
     _PTD                                         3       1       1       6   .abs_section_3
     _DDRA                                        4       1       1       0   .abs_section_4
     _DDRB                                        5       1       1       0   .abs_section_5
     _DDRC                                        6       1       1       0   .abs_section_6
     _DDRD                                        7       1       1       1   .abs_section_7
     _LEDA                                        C       1       1       0   .abs_section_c
     _SPCR                                       10       1       1       0   .abs_section_10
     _SPSCR                                      11       1       1       0   .abs_section_11
     _SPDR                                       12       1       1       0   .abs_section_12
     _SCC1                                       13       1       1       4   .abs_section_13
     _SCC2                                       14       1       1       5   .abs_section_14
     _SCC3                                       15       1       1       0   .abs_section_15
     _SCS1                                       16       1       1       3   .abs_section_16
     _SCS2                                       17       1       1       0   .abs_section_17
     _SCDR                                       18       1       1       3   .abs_section_18
     _SCBR                                       19       1       1       2   .abs_section_19
     _KBSCR                                      1A       1       1       0   .abs_section_1a
     _KBIER                                      1B       1       1       0   .abs_section_1b
     _INTSCR2                                    1C       1       1       0   .abs_section_1c
     _CONFIG2                                    1D       1       1       1   .abs_section_1d
     _INTSCR1                                    1E       1       1       0   .abs_section_1e
     _CONFIG1                                    1F       1       1       0   .abs_section_1f
     _T1SC                                       20       1       1       8   .abs_section_20
     _T1SC0                                      25       1       1       0   .abs_section_25
     _T1SC1                                      28       1       1       0   .abs_section_28
     _T2SC                                       2B       1       1       0   .abs_section_2b
     _T2SC0                                      30       1       1       0   .abs_section_30
     _T2SC1                                      33       1       1       0   .abs_section_33
     _PCTL                                       36       1       1       0   .abs_section_36
     _PBWC                                       37       1       1       0   .abs_section_37
     _PMRS                                       3A       1       1       0   .abs_section_3a
     _PMDS                                       3B       1       1       0   .abs_section_3b
     _IRSCC1                                     40       1       1       0   .abs_section_40
     _IRSCC2                                     41       1       1       0   .abs_section_41
     _IRSCC3                                     42       1       1       0   .abs_section_42
     _IRSCS1                                     43       1       1       0   .abs_section_43
     _IRSCS2                                     44       1       1       0   .abs_section_44
     _IRSCDR                                     45       1       1       0   .abs_section_45
     _IRSCBR                                     46       1       1       0   .abs_section_46
     _IRSCIRCR                                   47       1       1       0   .abs_section_47
     _MMADR                                      48       1       1       0   .abs_section_48
     _MMCR1                                      49       1       1       0   .abs_section_49
     _MMCR2                                      4A       1       1       0   .abs_section_4a
     _MMSR                                       4B       1       1       0   .abs_section_4b
     _MMDTR                                      4C       1       1       0   .abs_section_4c
     _MMDRR                                      4D       1       1       0   .abs_section_4d
     _MMCRDR                                     4E       1       1       0   .abs_section_4e
     _MMFDR                                      4F       1       1       0   .abs_section_4f
     _TBCR                                       51       1       1       0   .abs_section_51
     _ADSCR                                      57       1       1       0   .abs_section_57
     _ADICLK                                     58       1       1       0   .abs_section_58
     _ADR1L                                      5B       1       1       0   .abs_section_5b
     _ADR2L                                      5C       1       1       0   .abs_section_5c
     _ADR3L                                      5D       1       1       0   .abs_section_5d
     _ADASCR                                     5E       1       1       0   .abs_section_5e
     _SBSR                                     FE00       1       1       0   .abs_section_fe00
     _SRSR                                     FE01       1       1       0   .abs_section_fe01
     _SBFCR                                    FE03       1       1       0   .abs_section_fe03
     _INT1                                     FE04       1       1       0   .abs_section_fe04
     _INT2                                     FE05       1       1       0   .abs_section_fe05
     _INT3                                     FE06       1       1       0   .abs_section_fe06
     _FLCR                                     FE08       1       1       0   .abs_section_fe08
     _FLBPR                                    FE09       1       1       0   .abs_section_fe09
     _BRKSCR                                   FE0E       1       1       0   .abs_section_fe0e
     _LVISR                                    FE0F       1       1       0   .abs_section_fe0f
     _COPCTL                                   FFFF       1       1       0   .abs_section_ffff
     _T1CNT                                      21       2       2       0   .abs_section_21
     _T1MOD                                      23       2       2       2   .abs_section_23
     _T1CH0                                      26       2       2       0   .abs_section_26
     _T1CH1                                      29       2       2       0   .abs_section_29
     _T2CNT                                      2C       2       2       0   .abs_section_2c
     _T2MOD                                      2E       2       2       0   .abs_section_2e
     _T2CH0                                      31       2       2       0   .abs_section_31
     _T2CH1                                      34       2       2       0   .abs_section_34
     _PMS                                        38       2       2       0   .abs_section_38
     _ADR0                                       59       2       2       0   .abs_section_59
     _BRK                                      FE0C       2       2       0   .abs_section_fe0c
MODULE:                 -- Start08.c.o --
- PROCEDURES:
     loadByte                                   860      17      23       5   .init       
     Init                                       877      75     117       1   .init       
     _Startup                                   8EC       9       9       0   .init       
- VARIABLES:
     _startupData                               8F5       6       6       6   .startData  
- LABELS:
     __SEG_END_SSTACK                           16E       0       0       1               
MODULE:                 -- fifo.c.o --
- PROCEDURES:
     Fifo_Init                                  986      11      17       2   .text       
     Fifo_Put                                   997      5A      90       1   .text       
     Fifo_Get                                   9F1      49      73       1   .text       
- VARIABLES:
     Fifo                                       103      14      20       8   .common     
     GetPtr                                     117       2       2      13   .common     
     PutPtr                                     119       2       2      13   .common     
MODULE:                 -- Serial.c.o --
- PROCEDURES:
     SCI_Init                                   A3A      1E      30       1   .text       
     SCI_Rx_Int                                 A58      11      17       1   .text       
     SCI_Tx_Int                                 A69      17      23       1   .text       
     RecibirDato                                A80      42      66       1   .text       
     sendChar                                   AC2       A      10       1   .text       
     sendMessage                                ACC      1F      31       1   .text       
- VARIABLES:
     STRING..D18.22...1                         903       A      10       1   .rodata1    
     config                                     100       2       2       2   .data       
     j                                          102       1       1       3   .bss        
     _Vector_13                                FFE4       2       2       0   .abs_section_ffe4
     _Vector_14                                FFE2       2       2       0   .abs_section_ffe2
     dato                                       11B       1       1       4   .common     
     _events                                    11C       1       1      10   .common     
     _status                                    11D       1       1       4   .common     
MODULE:                 -- timer.c.o --
- PROCEDURES:
     TimerInit                                  AEB      12      18       1   .text       
     TIM1OV_ISR                                 AFD      10      16       1   .text       
- VARIABLES:
     _Vector_7                                 FFF0       2       2       0   .abs_section_fff0

*********************************************************************************************
MODULE STATISTIC
  Name                                      Data   Code  Const
---------------------------------------------------------------------------------------------
  main.c.o                                     0     99      0
  RTSHC08.C.o (ansii.lib)                      0     22      0
  MC68HC908AP16.C.o                           91      0      0
  Start08.c.o                                  0    149      0
  fifo.c.o                                    24    180      0
  Serial.c.o                                   6    177     14
  timer.c.o                                    0     34      2
  other                                       80     16      8

*********************************************************************************************
SECTION USE IN OBJECT-ALLOCATION SECTION
---------------------------------------------------------------------------------------------
SECTION: ".text"
  PortInit main _ICMP Fifo_Init Fifo_Put Fifo_Get SCI_Init SCI_Rx_Int 
  SCI_Tx_Int RecibirDato sendChar sendMessage TimerInit TIM1OV_ISR 
SECTION: ".data"
  config 
SECTION: ".bss"
  j 
SECTION: ".init"
  loadByte Init _Startup 
SECTION: ".rodata1"
  STRING..D18.22...1 
SECTION: ".common"
  Fifo GetPtr PutPtr dato _events _status 
SECTION: ".abs_section_0"
  _PTA 
SECTION: ".abs_section_1"
  _PTB 
SECTION: ".abs_section_2"
  _PTC 
SECTION: ".abs_section_3"
  _PTD 
SECTION: ".abs_section_4"
  _DDRA 
SECTION: ".abs_section_5"
  _DDRB 
SECTION: ".abs_section_6"
  _DDRC 
SECTION: ".abs_section_7"
  _DDRD 
SECTION: ".abs_section_c"
  _LEDA 
SECTION: ".abs_section_10"
  _SPCR 
SECTION: ".abs_section_11"
  _SPSCR 
SECTION: ".abs_section_12"
  _SPDR 
SECTION: ".abs_section_13"
  _SCC1 
SECTION: ".abs_section_14"
  _SCC2 
SECTION: ".abs_section_15"
  _SCC3 
SECTION: ".abs_section_16"
  _SCS1 
SECTION: ".abs_section_17"
  _SCS2 
SECTION: ".abs_section_18"
  _SCDR 
SECTION: ".abs_section_19"
  _SCBR 
SECTION: ".abs_section_1a"
  _KBSCR 
SECTION: ".abs_section_1b"
  _KBIER 
SECTION: ".abs_section_1c"
  _INTSCR2 
SECTION: ".abs_section_1d"
  _CONFIG2 
SECTION: ".abs_section_1e"
  _INTSCR1 
SECTION: ".abs_section_1f"
  _CONFIG1 
SECTION: ".abs_section_20"
  _T1SC 
SECTION: ".abs_section_25"
  _T1SC0 
SECTION: ".abs_section_28"
  _T1SC1 
SECTION: ".abs_section_2b"
  _T2SC 
SECTION: ".abs_section_30"
  _T2SC0 
SECTION: ".abs_section_33"
  _T2SC1 
SECTION: ".abs_section_36"
  _PCTL 
SECTION: ".abs_section_37"
  _PBWC 
SECTION: ".abs_section_3a"
  _PMRS 
SECTION: ".abs_section_3b"
  _PMDS 
SECTION: ".abs_section_40"
  _IRSCC1 
SECTION: ".abs_section_41"
  _IRSCC2 
SECTION: ".abs_section_42"
  _IRSCC3 
SECTION: ".abs_section_43"
  _IRSCS1 
SECTION: ".abs_section_44"
  _IRSCS2 
SECTION: ".abs_section_45"
  _IRSCDR 
SECTION: ".abs_section_46"
  _IRSCBR 
SECTION: ".abs_section_47"
  _IRSCIRCR 
SECTION: ".abs_section_48"
  _MMADR 
SECTION: ".abs_section_49"
  _MMCR1 
SECTION: ".abs_section_4a"
  _MMCR2 
SECTION: ".abs_section_4b"
  _MMSR 
SECTION: ".abs_section_4c"
  _MMDTR 
SECTION: ".abs_section_4d"
  _MMDRR 
SECTION: ".abs_section_4e"
  _MMCRDR 
SECTION: ".abs_section_4f"
  _MMFDR 
SECTION: ".abs_section_51"
  _TBCR 
SECTION: ".abs_section_57"
  _ADSCR 
SECTION: ".abs_section_58"
  _ADICLK 
SECTION: ".abs_section_5b"
  _ADR1L 
SECTION: ".abs_section_5c"
  _ADR2L 
SECTION: ".abs_section_5d"
  _ADR3L 
SECTION: ".abs_section_5e"
  _ADASCR 
SECTION: ".abs_section_fe00"
  _SBSR 
SECTION: ".abs_section_fe01"
  _SRSR 
SECTION: ".abs_section_fe03"
  _SBFCR 
SECTION: ".abs_section_fe04"
  _INT1 
SECTION: ".abs_section_fe05"
  _INT2 
SECTION: ".abs_section_fe06"
  _INT3 
SECTION: ".abs_section_fe08"
  _FLCR 
SECTION: ".abs_section_fe09"
  _FLBPR 
SECTION: ".abs_section_fe0e"
  _BRKSCR 
SECTION: ".abs_section_fe0f"
  _LVISR 
SECTION: ".abs_section_ffff"
  _COPCTL 
SECTION: ".abs_section_21"
  _T1CNT 
SECTION: ".abs_section_23"
  _T1MOD 
SECTION: ".abs_section_26"
  _T1CH0 
SECTION: ".abs_section_29"
  _T1CH1 
SECTION: ".abs_section_2c"
  _T2CNT 
SECTION: ".abs_section_2e"
  _T2MOD 
SECTION: ".abs_section_31"
  _T2CH0 
SECTION: ".abs_section_34"
  _T2CH1 
SECTION: ".abs_section_38"
  _PMS 
SECTION: ".abs_section_59"
  _ADR0 
SECTION: ".abs_section_fe0c"
  _BRK 
SECTION: ".abs_section_ffe4"
  _Vector_13 
SECTION: ".abs_section_ffe2"
  _Vector_14 
SECTION: ".abs_section_fff0"
  _Vector_7 

*********************************************************************************************
OBJECT LIST SORTED BY ADDRESS
     Name                                      Addr   hSize   dSize     Ref    Section   RLIB
---------------------------------------------------------------------------------------------
     _PTA                                         0       1       1       0   .abs_section_0
     _PTB                                         1       1       1       0   .abs_section_1
     _PTC                                         2       1       1       0   .abs_section_2
     _PTD                                         3       1       1       6   .abs_section_3
     _DDRA                                        4       1       1       0   .abs_section_4
     _DDRB                                        5       1       1       0   .abs_section_5
     _DDRC                                        6       1       1       0   .abs_section_6
     _DDRD                                        7       1       1       1   .abs_section_7
     _LEDA                                        C       1       1       0   .abs_section_c
     _SPCR                                       10       1       1       0   .abs_section_10
     _SPSCR                                      11       1       1       0   .abs_section_11
     _SPDR                                       12       1       1       0   .abs_section_12
     _SCC1                                       13       1       1       4   .abs_section_13
     _SCC2                                       14       1       1       5   .abs_section_14
     _SCC3                                       15       1       1       0   .abs_section_15
     _SCS1                                       16       1       1       3   .abs_section_16
     _SCS2                                       17       1       1       0   .abs_section_17
     _SCDR                                       18       1       1       3   .abs_section_18
     _SCBR                                       19       1       1       2   .abs_section_19
     _KBSCR                                      1A       1       1       0   .abs_section_1a
     _KBIER                                      1B       1       1       0   .abs_section_1b
     _INTSCR2                                    1C       1       1       0   .abs_section_1c
     _CONFIG2                                    1D       1       1       1   .abs_section_1d
     _INTSCR1                                    1E       1       1       0   .abs_section_1e
     _CONFIG1                                    1F       1       1       0   .abs_section_1f
     _T1SC                                       20       1       1       8   .abs_section_20
     _T1CNT                                      21       2       2       0   .abs_section_21
     _T1MOD                                      23       2       2       2   .abs_section_23
     _T1SC0                                      25       1       1       0   .abs_section_25
     _T1CH0                                      26       2       2       0   .abs_section_26
     _T1SC1                                      28       1       1       0   .abs_section_28
     _T1CH1                                      29       2       2       0   .abs_section_29
     _T2SC                                       2B       1       1       0   .abs_section_2b
     _T2CNT                                      2C       2       2       0   .abs_section_2c
     _T2MOD                                      2E       2       2       0   .abs_section_2e
     _T2SC0                                      30       1       1       0   .abs_section_30
     _T2CH0                                      31       2       2       0   .abs_section_31
     _T2SC1                                      33       1       1       0   .abs_section_33
     _T2CH1                                      34       2       2       0   .abs_section_34
     _PCTL                                       36       1       1       0   .abs_section_36
     _PBWC                                       37       1       1       0   .abs_section_37
     _PMS                                        38       2       2       0   .abs_section_38
     _PMRS                                       3A       1       1       0   .abs_section_3a
     _PMDS                                       3B       1       1       0   .abs_section_3b
     _IRSCC1                                     40       1       1       0   .abs_section_40
     _IRSCC2                                     41       1       1       0   .abs_section_41
     _IRSCC3                                     42       1       1       0   .abs_section_42
     _IRSCS1                                     43       1       1       0   .abs_section_43
     _IRSCS2                                     44       1       1       0   .abs_section_44
     _IRSCDR                                     45       1       1       0   .abs_section_45
     _IRSCBR                                     46       1       1       0   .abs_section_46
     _IRSCIRCR                                   47       1       1       0   .abs_section_47
     _MMADR                                      48       1       1       0   .abs_section_48
     _MMCR1                                      49       1       1       0   .abs_section_49
     _MMCR2                                      4A       1       1       0   .abs_section_4a
     _MMSR                                       4B       1       1       0   .abs_section_4b
     _MMDTR                                      4C       1       1       0   .abs_section_4c
     _MMDRR                                      4D       1       1       0   .abs_section_4d
     _MMCRDR                                     4E       1       1       0   .abs_section_4e
     _MMFDR                                      4F       1       1       0   .abs_section_4f
     _TBCR                                       51       1       1       0   .abs_section_51
     _ADSCR                                      57       1       1       0   .abs_section_57
     _ADICLK                                     58       1       1       0   .abs_section_58
     _ADR0                                       59       2       2       0   .abs_section_59
     _ADR1L                                      5B       1       1       0   .abs_section_5b
     _ADR2L                                      5C       1       1       0   .abs_section_5c
     _ADR3L                                      5D       1       1       0   .abs_section_5d
     _ADASCR                                     5E       1       1       0   .abs_section_5e
     config                                     100       2       2       2   .data       
     j                                          102       1       1       3   .bss        
     Fifo                                       103      14      20       8   .common     
     GetPtr                                     117       2       2      13   .common     
     PutPtr                                     119       2       2      13   .common     
     dato                                       11B       1       1       4   .common     
     _events                                    11C       1       1      10   .common     
     _status                                    11D       1       1       4   .common     
     loadByte                                   860      17      23       5   .init       
     Init                                       877      75     117       1   .init       
     _Startup                                   8EC       9       9       0   .init       
     STRING..D18.22...1                         903       A      10       1   .rodata1    
     PortInit                                   90D       8       8       1   .text       
     main                                       915      5B      91       1   .text       
     _ICMP                                      970      16      22       1   .text       
     Fifo_Init                                  986      11      17       2   .text       
     Fifo_Put                                   997      5A      90       1   .text       
     Fifo_Get                                   9F1      49      73       1   .text       
     SCI_Init                                   A3A      1E      30       1   .text       
     SCI_Rx_Int                                 A58      11      17       1   .text       
     SCI_Tx_Int                                 A69      17      23       1   .text       
     RecibirDato                                A80      42      66       1   .text       
     sendChar                                   AC2       A      10       1   .text       
     sendMessage                                ACC      1F      31       1   .text       
     TimerInit                                  AEB      12      18       1   .text       
     TIM1OV_ISR                                 AFD      10      16       1   .text       
     _SBSR                                     FE00       1       1       0   .abs_section_fe00
     _SRSR                                     FE01       1       1       0   .abs_section_fe01
     _SBFCR                                    FE03       1       1       0   .abs_section_fe03
     _INT1                                     FE04       1       1       0   .abs_section_fe04
     _INT2                                     FE05       1       1       0   .abs_section_fe05
     _INT3                                     FE06       1       1       0   .abs_section_fe06
     _FLCR                                     FE08       1       1       0   .abs_section_fe08
     _FLBPR                                    FE09       1       1       0   .abs_section_fe09
     _BRK                                      FE0C       2       2       0   .abs_section_fe0c
     _BRKSCR                                   FE0E       1       1       0   .abs_section_fe0e
     _LVISR                                    FE0F       1       1       0   .abs_section_fe0f
     _Vector_14                                FFE2       2       2       0   .abs_section_ffe2
     _Vector_13                                FFE4       2       2       0   .abs_section_ffe4
     _Vector_7                                 FFF0       2       2       0   .abs_section_fff0
     _COPCTL                                   FFFF       1       1       0   .abs_section_ffff

*********************************************************************************************
UNUSED-OBJECTS SECTION
---------------------------------------------------------------------------------------------
NOT USED PROCEDURES
RTSHC08.C.o (ansii.lib):
  _PUSH_ARGS_L _PUSH_ARGS_D _ENTER_UNARY_L _ENTER_UNARY_L64 _ENTER_UNARY_L64_4 
  _ENTER_BINARY_L _ENTER_BINARY_L_RC _ENTER_BINARY_L_LC _ENTER_BINARY_L64 
  _ENTER_BINARY_L64_LC _ENTER_BINARY_L64_RC _IDIVMOD _SPLITSIGN 
  _LADD_k_is_k_plus_j _k_is_k_plus_j_l _k_is_k_plus_j_i _LSUB_k_is_k_minus_j 
  _LAND_k_is_k_and_j _LOR_k_is_k_or_j _LXOR_k_is_k_xor_j _LMUL_k_is_k_mul_j 
  _LDIVMOD _NEG_L_HX _ABS_L_HX _SPLITSIGN_L _LMODU_k_is_k_mod_j 
  _LDIVU_k_is_k_div_j _LMODS_k_is_k_mod_j _LDIVS_k_is_k_div_j _LCMP_k_rel_j 
  _BMULS _BDIVS _BMODS _IMUL _IDIVS _IDIVU _IMODS _IMODU _IDIVU_8 _IMODU_8 
  _IASR _ILSR _ILSL _LINC _LDEC _LNEG _LNOT _LADD _LADD_RC _LSUB _LSUB_LC 
  _LSUB_RC _LAND _LAND_RC _LOR _LOR_RC _LXOR _LXOR_RC _LMUL _LMUL_RC _LDIVS 
  _LDIVS_LC _LDIVS_RC _LDIVU _LDIVU_LC _LDIVU_RC _LMODS _LMODS_LC _LMODS_RC 
  _LMODU _LMODU_LC _LMODU_RC _LASR _LLSR _LLSL _LCMP _LCMP_RC _COPY _COPY_L 
  _POP32 _POP64 _STORE32 _STORE64 _SEXT8_32 _SEXT16_32 _CALL _Jump_Table_Addr 
  _Jump_Table_Offset _Jump_Table_Header_Addr _Jump_Table_Header_Offset 
  _Search_Table_16_Addr _Search_Table_16_Offset _Search_Table_8_Addr 
  _Search_Table_8_Offset _PUSH_CC _POP_CC _CONV_FAR_TO_NEAR _CONV_FAR_TO_LINEAR 
  _CONV_LINEAR_TO_FAR 
NOT USED VARIABLES
RTSHC08.C.o (ansii.lib):
  _PowOfTwo_8 _PowOfTwo_16 _PowOfTwo_32 errno 

*********************************************************************************************
COPYDOWN SECTION
---------------------------------------------------------------------------------------------
------- ROM-ADDRESS: 0xB0D ---- SIZE       4 ---
Filling bytes inserted
 00020100
------- ROM-ADDRESS: 0xB11 ---- RAM-ADDRESS: 0x100 ---- SIZE       2 ---
Name of initialized Object : config
 0903
------- ROM-ADDRESS: 0xB13 ---- SIZE       2 ---
Filling bytes inserted
 0000

*********************************************************************************************
OBJECT-DEPENDENCIES SECTION
---------------------------------------------------------------------------------------------
config                    USES STRING..D18.22...1 
Init                      USES _startupData loadByte 
_Startup                  USES __SEG_END_SSTACK Init main 
PortInit                  USES _DDRD _PTD 
main                      USES PortInit Fifo_Init SCI_Init TimerInit _events 
                                config sendMessage j _PTD _T1SC RecibirDato 
Fifo_Init                 USES Fifo GetPtr PutPtr 
Fifo_Put                  USES PutPtr GetPtr _ICMP Fifo 
Fifo_Get                  USES GetPtr PutPtr Fifo 
SCI_Init                  USES _CONFIG2 _SCBR _SCC1 _SCC2 _status 
SCI_Rx_Int                USES _SCS1 _SCDR dato _events 
SCI_Tx_Int                USES _SCS1 _SCDR Fifo_Get _SCC2 _events 
RecibirDato               USES _status dato Fifo_Put j _SCC2 Fifo_Init 
sendChar                  USES _SCS1 _SCDR 
sendMessage               USES sendChar 
TimerInit                 USES _T1SC _T1MOD 
TIM1OV_ISR                USES _T1SC _events 
_Vector_14                USES SCI_Tx_Int 
_Vector_13                USES SCI_Rx_Int 
_Vector_7                 USES TIM1OV_ISR 

*********************************************************************************************
DEPENDENCY TREE
*********************************************************************************************
 main and _Startup Group
 | 
 +- main                
 |  | 
 |  +- PortInit            
 |  |    
 |  +- Fifo_Init           
 |  |    
 |  +- SCI_Init            
 |  |    
 |  +- TimerInit           
 |  |    
 |  +- sendMessage         
 |  |  | 
 |  |  +- sendChar            
 |  |       
 |  +- RecibirDato         
 |     | 
 |     +- Fifo_Put            
 |     |  | 
 |     |  +- _ICMP               
 |     |       
 |     +- Fifo_Init            (see above)
 |        
 +- _Startup            
    | 
    +- Init                
    |  | 
    |  +- loadByte            
    |       
    +- main                 (see above)
       
 _Vector_13          
 | 
 +- SCI_Rx_Int          
      
 _Vector_14          
 | 
 +- SCI_Tx_Int          
    | 
    +- Fifo_Get            
         
 _Vector_7           
 | 
 +- TIM1OV_ISR          
      
*********************************************************************************************
STATISTIC SECTION
---------------------------------------------------------------------------------------------

ExeFile:
--------
Number of blocks to be downloaded: 8
Total size of all blocks to be downloaded: 701

